<?xml version="1.0" encoding="utf-8"?>
<CoverageSession xmlns:xsd="http://www.w3.org/2001/XMLSchema" xmlns:xsi="http://www.w3.org/2001/XMLSchema-instance" Version="4.7.922.0">
  <Summary numSequencePoints="0" visitedSequencePoints="0" numBranchPoints="0" visitedBranchPoints="0" sequenceCoverage="0" branchCoverage="0" maxCyclomaticComplexity="0" minCyclomaticComplexity="0" maxCrapScore="0" minCrapScore="0" visitedClasses="0" numClasses="0" visitedMethods="0" numMethods="0" />
  <Modules>
    <Module skippedDueTo="Filter" hash="AC-E9-5B-E2-17-18-10-1B-85-F1-52-BC-0C-F5-DD-D8-7F-63-43-3C">
      <ModulePath>C:\WINDOWS\Microsoft.Net\assembly\GAC_32\mscorlib\v4.0_4.0.0.0__b77a5c561934e089\mscorlib.dll</ModulePath>
      <ModuleTime>2019-12-07T06:03:04Z</ModuleTime>
      <ModuleName>mscorlib</ModuleName>
      <Classes />
    </Module>
    <Module skippedDueTo="MissingPdb" hash="08-A6-16-9E-E4-F9-CB-0D-E0-37-25-69-FA-6A-D2-2C-DE-66-1A-47">
      <ModulePath>C:\Program Files (x86)\Microsoft Visual Studio\2019\Community\Common7\IDE\CommonExtensions\Microsoft\TestWindow\vstest.console.exe</ModulePath>
      <ModuleTime>2020-01-29T02:09:02.8626958Z</ModuleTime>
      <ModuleName>vstest.console</ModuleName>
      <Classes />
    </Module>
    <Module skippedDueTo="MissingPdb" hash="E2-7C-77-B6-A3-C4-6D-C3-8E-04-AA-40-E0-1D-4D-BA-BA-60-D6-54">
      <ModulePath>C:\Program Files (x86)\Microsoft Visual Studio\2019\Community\Common7\IDE\Extensions\TestPlatform\vstest.console.exe</ModulePath>
      <ModuleTime>2019-06-01T00:02:10.1739885Z</ModuleTime>
      <ModuleName>vstest.console</ModuleName>
      <Classes />
    </Module>
    <Module skippedDueTo="MissingPdb" hash="0A-53-68-7D-08-2F-FF-DB-CD-AB-0F-5D-8E-D0-4D-3F-67-8A-AD-2E">
      <ModulePath>C:\Program Files (x86)\Microsoft Visual Studio\2019\Community\Common7\IDE\Extensions\TestPlatform\Microsoft.TestPlatform.CoreUtilities.dll</ModulePath>
      <ModuleTime>2019-06-01T00:02:10.1739885Z</ModuleTime>
      <ModuleName>Microsoft.TestPlatform.CoreUtilities</ModuleName>
      <Classes />
    </Module>
    <Module skippedDueTo="Filter" hash="4A-9D-81-85-DC-CF-74-ED-91-AC-6F-7B-37-3D-3E-0B-36-5C-56-66">
      <ModulePath>C:\WINDOWS\Microsoft.Net\assembly\GAC_MSIL\System\v4.0_4.0.0.0__b77a5c561934e089\System.dll</ModulePath>
      <ModuleTime>2019-07-24T02:58:28Z</ModuleTime>
      <ModuleName>System</ModuleName>
      <Classes />
    </Module>
    <Module skippedDueTo="MissingPdb" hash="8E-57-3D-F1-2F-EB-C8-2B-39-30-A0-9E-D3-FB-4B-B4-02-62-EC-2F">
      <ModulePath>C:\Program Files (x86)\Microsoft Visual Studio\2019\Community\Common7\IDE\Extensions\TestPlatform\Microsoft.VisualStudio.TestPlatform.ObjectModel.dll</ModulePath>
      <ModuleTime>2019-06-01T00:02:10.1739885Z</ModuleTime>
      <ModuleName>Microsoft.VisualStudio.TestPlatform.ObjectModel</ModuleName>
      <Classes />
    </Module>
    <Module skippedDueTo="MissingPdb" hash="74-85-67-6E-30-DB-18-D3-8B-BB-F0-90-F2-61-33-99-0D-CE-D3-2B">
      <ModulePath>C:\Program Files (x86)\Microsoft Visual Studio\2019\Community\Common7\IDE\Extensions\TestPlatform\Microsoft.VisualStudio.TestPlatform.Client.dll</ModulePath>
      <ModuleTime>2019-06-01T00:02:10.1739885Z</ModuleTime>
      <ModuleName>Microsoft.VisualStudio.TestPlatform.Client</ModuleName>
      <Classes />
    </Module>
    <Module skippedDueTo="MissingPdb" hash="B3-28-69-E7-5C-7E-C3-79-C1-65-DF-DD-F1-6B-D0-2C-DC-A9-1E-6C">
      <ModulePath>C:\Program Files (x86)\Microsoft Visual Studio\2019\Community\Common7\IDE\Extensions\TestPlatform\Microsoft.VisualStudio.TestPlatform.Common.dll</ModulePath>
      <ModuleTime>2019-06-01T00:02:10.1739885Z</ModuleTime>
      <ModuleName>Microsoft.VisualStudio.TestPlatform.Common</ModuleName>
      <Classes />
    </Module>
    <Module skippedDueTo="Filter" hash="CC-DB-8A-78-1D-14-03-CA-9E-57-77-AD-02-B0-11-1E-9D-D0-F8-EB">
      <ModulePath>C:\WINDOWS\Microsoft.Net\assembly\GAC_MSIL\System.Core\v4.0_4.0.0.0__b77a5c561934e089\System.Core.dll</ModulePath>
      <ModuleTime>2019-12-07T06:03:04Z</ModuleTime>
      <ModuleName>System.Core</ModuleName>
      <Classes />
    </Module>
    <Module skippedDueTo="MissingPdb" hash="46-56-E1-6A-A3-89-B5-EF-66-2B-DB-40-76-5B-8F-AF-60-B9-D7-23">
      <ModulePath>C:\Program Files (x86)\Microsoft Visual Studio\2019\Community\Common7\IDE\Extensions\TestPlatform\pt-BR\vstest.console.resources.dll</ModulePath>
      <ModuleTime>2019-06-01T00:02:10.1739885Z</ModuleTime>
      <ModuleName>vstest.console.resources</ModuleName>
      <Classes />
    </Module>
    <Module skippedDueTo="MissingPdb" hash="8F-5B-61-5A-B0-D3-2A-E8-BF-35-47-5A-9E-30-A4-76-2A-98-59-DD">
      <ModulePath>C:\Program Files (x86)\Microsoft Visual Studio\2019\Community\Common7\IDE\Extensions\TestPlatform\Microsoft.TestPlatform.PlatformAbstractions.dll</ModulePath>
      <ModuleTime>2019-06-01T00:02:10.1739885Z</ModuleTime>
      <ModuleName>Microsoft.TestPlatform.PlatformAbstractions</ModuleName>
      <Classes />
    </Module>
    <Module skippedDueTo="Filter" hash="BA-94-4B-50-1E-D5-31-87-F3-25-6E-BA-07-71-E4-9F-22-0D-B8-34">
      <ModulePath>C:\WINDOWS\Microsoft.Net\assembly\GAC_MSIL\System.Xml\v4.0_4.0.0.0__b77a5c561934e089\System.Xml.dll</ModulePath>
      <ModuleTime>2019-03-19T04:46:51.77351Z</ModuleTime>
      <ModuleName>System.Xml</ModuleName>
      <Classes />
    </Module>
    <Module skippedDueTo="MissingPdb" hash="DE-C7-40-8B-BA-FF-73-22-17-A0-BC-EA-F0-AD-88-BE-2C-9D-DC-23">
      <ModulePath>C:\Program Files (x86)\Microsoft Visual Studio\2019\Community\Common7\IDE\Extensions\TestPlatform\Microsoft.TestPlatform.Utilities.dll</ModulePath>
      <ModuleTime>2019-06-01T00:02:10.1739885Z</ModuleTime>
      <ModuleName>Microsoft.TestPlatform.Utilities</ModuleName>
      <Classes />
    </Module>
    <Module skippedDueTo="Filter" hash="DF-C9-61-37-67-FC-86-B5-19-6B-51-39-78-82-42-F2-94-44-FD-2F">
      <ModulePath>C:\WINDOWS\Microsoft.Net\assembly\GAC_MSIL\System.Configuration\v4.0_4.0.0.0__b03f5f7f11d50a3a\System.Configuration.dll</ModulePath>
      <ModuleTime>2019-03-19T04:46:46.1168105Z</ModuleTime>
      <ModuleName>System.Configuration</ModuleName>
      <Classes />
    </Module>
    <Module skippedDueTo="Filter" hash="60-30-57-1E-3F-DB-56-12-6C-42-21-B3-D6-01-FF-B8-C6-95-E1-EF">
      <ModulePath>C:\WINDOWS\Microsoft.Net\assembly\GAC_MSIL\System.resources\v4.0_4.0.0.0_pt-BR_b77a5c561934e089\System.resources.dll</ModulePath>
      <ModuleTime>2019-03-19T12:46:20.3860463Z</ModuleTime>
      <ModuleName>System.resources</ModuleName>
      <Classes />
    </Module>
    <Module skippedDueTo="MissingPdb" hash="BD-CB-CC-BA-58-8C-47-BC-2C-04-83-EB-E9-BD-D7-83-9B-C0-54-4F">
      <ModulePath>C:\Program Files (x86)\Microsoft Visual Studio\2019\Community\Common7\IDE\Extensions\TestPlatform\Microsoft.TestPlatform.CrossPlatEngine.dll</ModulePath>
      <ModuleTime>2019-06-01T00:02:10.1739885Z</ModuleTime>
      <ModuleName>Microsoft.TestPlatform.CrossPlatEngine</ModuleName>
      <Classes />
    </Module>
    <Module skippedDueTo="MissingPdb" hash="A0-5E-93-D4-0F-C1-5F-84-DB-B3-88-C2-57-55-8D-F9-CF-05-1F-52">
      <ModulePath>C:\Program Files (x86)\Microsoft Visual Studio\2019\Community\Common7\IDE\Extensions\TestPlatform\Extensions\Microsoft.TestPlatform.Extensions.BlameDataCollector.dll</ModulePath>
      <ModuleTime>2019-06-01T00:02:10.1739885Z</ModuleTime>
      <ModuleName>Microsoft.TestPlatform.Extensions.BlameDataCollector</ModuleName>
      <Classes />
    </Module>
    <Module skippedDueTo="MissingPdb" hash="A3-03-6A-31-0F-CF-B2-E2-B8-93-8C-DA-2F-B1-A5-5D-F3-7A-E8-34">
      <ModulePath>C:\Program Files (x86)\Microsoft Visual Studio\2019\Community\Common7\IDE\Extensions\TestPlatform\Extensions\Microsoft.TestPlatform.Extensions.EventLogCollector.dll</ModulePath>
      <ModuleTime>2019-06-01T00:02:10.1739885Z</ModuleTime>
      <ModuleName>Microsoft.TestPlatform.Extensions.EventLogCollector</ModuleName>
      <Classes />
    </Module>
    <Module skippedDueTo="MissingPdb" hash="54-1C-6A-57-F0-80-06-18-6A-9E-3C-B2-CB-1E-81-DB-20-71-2C-6B">
      <ModulePath>C:\Program Files (x86)\Microsoft Visual Studio\2019\Community\Common7\IDE\Extensions\TestPlatform\Extensions\Microsoft.TestPlatform.TestHostRuntimeProvider.dll</ModulePath>
      <ModuleTime>2019-06-01T00:02:10.1739885Z</ModuleTime>
      <ModuleName>Microsoft.TestPlatform.TestHostRuntimeProvider</ModuleName>
      <Classes />
    </Module>
    <Module skippedDueTo="MissingPdb" hash="C1-36-34-EF-FA-B9-9C-08-DB-3A-1F-CB-F7-E4-D9-3B-0D-5B-C4-78">
      <ModulePath>C:\Program Files (x86)\Microsoft Visual Studio\2019\Community\Common7\IDE\Extensions\TestPlatform\Microsoft.VisualStudio.Coverage.Interop.dll</ModulePath>
      <ModuleTime>2019-06-01T00:02:10.1739885Z</ModuleTime>
      <ModuleName>Microsoft.VisualStudio.Coverage.Interop</ModuleName>
      <Classes />
    </Module>
    <Module skippedDueTo="MissingPdb" hash="6D-2C-72-88-15-91-9D-D6-04-2E-FB-C0-35-40-29-DD-06-65-8F-DD">
      <ModulePath>C:\Program Files (x86)\Microsoft Visual Studio\2019\Community\Common7\IDE\Extensions\TestPlatform\Extensions\Microsoft.VisualStudio.TestPlatform.Extensions.CodedWebTestAdapter.dll</ModulePath>
      <ModuleTime>2019-06-01T00:02:10.1739885Z</ModuleTime>
      <ModuleName>Microsoft.VisualStudio.TestPlatform.Extensions.CodedWebTestAdapter</ModuleName>
      <Classes />
    </Module>
    <Module skippedDueTo="MissingPdb" hash="E0-FF-98-8E-7B-EC-F3-A0-49-69-C2-7C-56-24-4E-DE-30-92-F2-A8">
      <ModulePath>C:\Program Files (x86)\Microsoft Visual Studio\2019\Community\Common7\IDE\Extensions\TestPlatform\Extensions\Microsoft.VisualStudio.TestPlatform.Extensions.TmiAdapter.dll</ModulePath>
      <ModuleTime>2019-06-01T00:02:10.1739885Z</ModuleTime>
      <ModuleName>Microsoft.VisualStudio.TestPlatform.Extensions.TmiAdapter</ModuleName>
      <Classes />
    </Module>
    <Module skippedDueTo="MissingPdb" hash="09-3B-59-14-82-90-39-0B-22-7D-6B-2F-65-88-AD-21-38-B5-28-BE">
      <ModulePath>C:\Program Files (x86)\Microsoft Visual Studio\2019\Community\Common7\IDE\Extensions\TestPlatform\Microsoft.VisualStudio.QualityTools.Common.dll</ModulePath>
      <ModuleTime>2019-06-01T00:02:10.1739885Z</ModuleTime>
      <ModuleName>Microsoft.VisualStudio.QualityTools.Common</ModuleName>
      <Classes />
    </Module>
    <Module skippedDueTo="MissingPdb" hash="1F-DB-7D-B9-D0-13-68-BE-6B-E5-D9-77-A2-2D-21-17-CB-E6-B1-51">
      <ModulePath>C:\Program Files (x86)\Microsoft Visual Studio\2019\Community\Common7\IDE\Extensions\TestPlatform\Extensions\Microsoft.VisualStudio.TestPlatform.Extensions.GenericTestAdapter.dll</ModulePath>
      <ModuleTime>2019-06-01T00:02:10.1739885Z</ModuleTime>
      <ModuleName>Microsoft.VisualStudio.TestPlatform.Extensions.GenericTestAdapter</ModuleName>
      <Classes />
    </Module>
    <Module skippedDueTo="MissingPdb" hash="92-DA-7F-5F-17-E4-CA-E0-A8-C5-9A-E3-2D-87-13-C5-63-B4-87-AE">
      <ModulePath>C:\Program Files (x86)\Microsoft Visual Studio\2019\Community\Common7\IDE\Extensions\TestPlatform\Extensions\Microsoft.VisualStudio.TestPlatform.Extensions.OrderedTestAdapter.dll</ModulePath>
      <ModuleTime>2019-06-01T00:02:10.1739885Z</ModuleTime>
      <ModuleName>Microsoft.VisualStudio.TestPlatform.Extensions.OrderedTestAdapter</ModuleName>
      <Classes />
    </Module>
    <Module skippedDueTo="MissingPdb" hash="A9-D9-19-BB-50-D2-E9-69-65-42-38-AD-A4-2C-30-FA-74-5A-98-3F">
      <ModulePath>C:\Program Files (x86)\Microsoft Visual Studio\2019\Community\Common7\IDE\Extensions\TestPlatform\Extensions\Microsoft.VisualStudio.TestPlatform.Extensions.Trx.TestLogger.dll</ModulePath>
      <ModuleTime>2019-06-01T00:02:10.1739885Z</ModuleTime>
      <ModuleName>Microsoft.VisualStudio.TestPlatform.Extensions.Trx.TestLogger</ModuleName>
      <Classes />
    </Module>
    <Module skippedDueTo="MissingPdb" hash="26-BD-3C-8B-4F-C4-F2-D4-BB-D0-CE-D7-6D-3D-11-AC-04-6C-B8-9C">
      <ModulePath>C:\Program Files (x86)\Microsoft Visual Studio\2019\Community\Common7\IDE\Extensions\TestPlatform\Extensions\Microsoft.VisualStudio.TestPlatform.Extensions.VSTestIntegration.dll</ModulePath>
      <ModuleTime>2019-06-01T00:02:10.1739885Z</ModuleTime>
      <ModuleName>Microsoft.VisualStudio.TestPlatform.Extensions.VSTestIntegration</ModuleName>
      <Classes />
    </Module>
    <Module skippedDueTo="MissingPdb" hash="30-7F-05-3F-B3-46-A5-02-11-99-64-D7-DF-30-AC-67-68-3C-AE-B6">
      <ModulePath>C:\Program Files (x86)\Microsoft Visual Studio\2019\Community\Common7\IDE\Extensions\TestPlatform\Microsoft.VisualStudio.QualityTools.UnitTestFramework.dll</ModulePath>
      <ModuleTime>2019-06-01T00:02:10.1739885Z</ModuleTime>
      <ModuleName>Microsoft.VisualStudio.QualityTools.UnitTestFramework</ModuleName>
      <Classes />
    </Module>
    <Module skippedDueTo="Filter" hash="CD-B4-80-7E-ED-87-A1-F3-81-CB-3E-96-C0-CC-4B-81-BD-74-C4-D1">
      <ModulePath>C:\WINDOWS\Microsoft.Net\assembly\GAC_32\System.Data\v4.0_4.0.0.0__b77a5c561934e089\System.Data.dll</ModulePath>
      <ModuleTime>2019-12-07T06:03:04Z</ModuleTime>
      <ModuleName>System.Data</ModuleName>
      <Classes />
    </Module>
    <Module skippedDueTo="MissingPdb" hash="62-A7-FD-CD-BD-24-E8-95-7C-4F-B7-D6-A8-21-C1-CE-E3-A4-CF-1C">
      <ModulePath>C:\Program Files (x86)\Microsoft Visual Studio\2019\Community\Common7\IDE\Extensions\TestPlatform\Extensions\Microsoft.VisualStudio.TestPlatform.Extensions.WebTestAdapter.dll</ModulePath>
      <ModuleTime>2019-06-01T00:02:10.1739885Z</ModuleTime>
      <ModuleName>Microsoft.VisualStudio.TestPlatform.Extensions.WebTestAdapter</ModuleName>
      <Classes />
    </Module>
    <Module skippedDueTo="MissingPdb" hash="B4-0C-24-97-DE-F0-03-1D-D4-51-A2-C0-64-8C-19-D5-2B-A6-5D-19">
      <ModulePath>C:\Program Files (x86)\Microsoft Visual Studio\2019\Community\Common7\IDE\Extensions\TestPlatform\Extensions\Microsoft.VisualStudio.TestTools.CppUnitTestFramework.ComInterfaces.dll</ModulePath>
      <ModuleTime>2019-06-01T00:02:10.1739885Z</ModuleTime>
      <ModuleName>Microsoft.VisualStudio.TestTools.CppUnitTestFramework.ComInterfaces</ModuleName>
      <Classes />
    </Module>
    <Module skippedDueTo="MissingPdb" hash="B0-65-1E-18-19-B7-4A-E6-37-2F-94-87-EC-63-7A-6E-3A-A5-71-DB">
      <ModulePath>C:\Program Files (x86)\Microsoft Visual Studio\2019\Community\Common7\IDE\Extensions\TestPlatform\Extensions\Microsoft.VisualStudio.TestTools.CppUnitTestFramework.CppUnitTestExtension.dll</ModulePath>
      <ModuleTime>2019-06-01T00:02:10.1739885Z</ModuleTime>
      <ModuleName>Microsoft.VisualStudio.TestTools.CppUnitTestFramework.CppUnitTestExtension</ModuleName>
      <Classes />
    </Module>
    <Module skippedDueTo="MissingPdb" hash="27-E2-94-80-A8-8B-98-50-DE-79-6A-87-6F-A8-70-FB-82-18-00-81">
      <ModulePath>C:\Program Files (x86)\Microsoft Visual Studio\2019\Community\Common7\IDE\Extensions\TestPlatform\Extensions\Microsoft.VisualStudio.TestTools.DataCollection.MediaRecorder.Model.dll</ModulePath>
      <ModuleTime>2019-06-01T00:02:10.1739885Z</ModuleTime>
      <ModuleName>Microsoft.VisualStudio.TestTools.DataCollection.MediaRecorder.Model</ModuleName>
      <Classes />
    </Module>
    <Module skippedDueTo="MissingPdb" hash="2C-51-0D-D3-A0-37-35-2F-87-18-D1-04-5B-9D-E1-39-54-7A-6D-D1">
      <ModulePath>C:\Program Files (x86)\Microsoft Visual Studio\2019\Community\Common7\IDE\Extensions\TestPlatform\Extensions\Microsoft.VisualStudio.TestTools.DataCollection.VideoRecorderCollector.dll</ModulePath>
      <ModuleTime>2019-06-01T00:02:10.1739885Z</ModuleTime>
      <ModuleName>Microsoft.VisualStudio.TestTools.DataCollection.VideoRecorderCollector</ModuleName>
      <Classes />
    </Module>
    <Module skippedDueTo="MissingPdb" hash="BC-40-A3-88-AC-E6-50-34-B9-6A-08-E6-A9-CC-3F-48-DE-F1-2A-C8">
      <ModulePath>C:\Program Files (x86)\Microsoft Visual Studio\2019\Community\Common7\IDE\Extensions\TestPlatform\Extensions\Microsoft.VisualStudio.TraceDataCollector.dll</ModulePath>
      <ModuleTime>2019-06-01T00:02:10.1739885Z</ModuleTime>
      <ModuleName>Microsoft.VisualStudio.TraceDataCollector</ModuleName>
      <Classes />
    </Module>
    <Module skippedDueTo="MissingPdb" hash="D5-FE-EB-02-D4-83-D5-00-1B-79-21-2D-C6-7C-CC-2B-98-51-37-EA">
      <ModulePath>C:\Program Files (x86)\Microsoft Visual Studio\2019\Community\Common7\IDE\Extensions\TestPlatform\Microsoft.VisualStudio.ArchitectureTools.PEReader.dll</ModulePath>
      <ModuleTime>2019-06-01T00:02:10.1739885Z</ModuleTime>
      <ModuleName>Microsoft.VisualStudio.ArchitectureTools.PEReader</ModuleName>
      <Classes />
    </Module>
    <Module skippedDueTo="MissingPdb" hash="74-DD-2D-1C-AD-7F-65-90-C2-66-8A-EA-2A-6D-59-4C-D5-4D-3E-D3">
      <ModulePath>C:\Program Files (x86)\Microsoft Visual Studio\2019\Community\Common7\IDE\Extensions\TestPlatform\Microsoft.IntelliTrace.Core.dll</ModulePath>
      <ModuleTime>2019-06-01T00:02:10.1739885Z</ModuleTime>
      <ModuleName>Microsoft.IntelliTrace.Core</ModuleName>
      <Classes />
    </Module>
  </Modules>
</CoverageSession>